import:
- builtins:mosaic.service
- builtins:web.service
- legacy_type.builtin:attribute
- legacy_type.builtin:partial
- sample_module_2:sample_module_2.module
associations: []
definitions:
  sample_servant_2:
    type: legacy_type.builtin:attribute
    value:
      object: sample_module_2:sample_module_2.module
      attr_name: sample_servant_2
  sample_servant_2_partial:
    type: legacy_type.builtin:partial
    value:
      function: sample_servant_2
      params:
        mosaic: builtins:mosaic.service
        web: builtins:web.service
